// Jest Snapshot v1, https://goo.gl/fbAQLP

exports[`<Page /> should match Page snapshot 1`] = `
<div
  data-sal="slide-left"
  data-sal-delay="200"
  data-sal-easing="ease"
>
  <div
    className="foo css-1ivi42b"
    id="foo"
    style={
      Object {
        "color": "red",
      }
    }
  >
    <div>
      Wu-Tang Clan
    </div>
  </div>
</div>
`;
