// Jest Snapshot v1, https://goo.gl/fbAQLP

exports[`<GalleryItem /> should match GalleryItem snapshot 1`] = `
<div
  className="css-1yvep9v"
>
  <div
    className="css-1xvo91r"
  >
    <div />
  </div>
  <div
    className="css-1hg6sd7"
  >
    <div
      className="css-d8eafh"
    >
      <div
        className="css-1ijvccx"
      >
        King Tester
      </div>
      <a
        className="css-187n1lu"
        href="test.com"
        rel="noopener noreferrer"
        target="_blank"
        title="test.com"
      >
        <div
          className="css-3nfvs0"
        />
      </a>
    </div>
    <div
      className="css-15fkjsq"
    >
      <div
        className="css-11aljab"
      >
        Tester
      </div>
      <div
        className="css-11aljab"
      >
        |
         
        2020
      </div>
    </div>
    <p>
      this is a test item
    </p>
    <div
      className="css-1p6kesl"
    >
      <div
        className="css-3m0mjb"
      >
        <div
          className="css-cjmkt3"
        >
          renderer
        </div>
      </div>
      <div
        className="css-3m0mjb"
      >
        <div
          className="css-cjmkt3"
        >
          react
        </div>
      </div>
    </div>
  </div>
</div>
`;
