// Jest Snapshot v1, https://goo.gl/fbAQLP

exports[`<ToggleSwitch /> should match ToggleSwitch snapshot 1`] = `
<div
  className="css-1bapo22"
>
  <button
    className="active left css-msm5so"
    onClick={[Function]}
  >
    foo
  </button>
  <button
    className=" right css-msm5so"
    onClick={[Function]}
  >
    bar
  </button>
</div>
`;
