// Jest Snapshot v1, https://goo.gl/fbAQLP

exports[`<AboutMe /> should match AboutMe snapshot 1`] = `
<div
  className="css-1ivi42b"
  id="about-me"
>
  <h1
    css={
      Object {
        "map": undefined,
        "name": "2guzxi",
        "next": undefined,
        "styles": "
  fontsize: 3rem;
  text-align: center;
  text-decoration: underline;
  color: hsla(270, 17.119554496%, 0%, 0.92);
",
        "toString": [Function],
      }
    }
  >
    ABOUT ME
  </h1>
  <div
    className="css-ka0t2p"
  >
    <div
      className="css-h0tjk2"
    >
      <div
        className="css-1snu6sh"
      >
        <div
          className="css-trjo67"
          style={
            Object {
              "backgroundColor": "#f96256",
            }
          }
        />
        <div
          className="css-trjo67"
          style={
            Object {
              "backgroundColor": "#fdbc3d",
            }
          }
        />
        <div
          className="css-trjo67"
          style={
            Object {
              "backgroundColor": "#2dbb41",
            }
          }
        />
      </div>
      <div
        className="css-1ih0lmc"
      >
        admin@nrs-portfolio: ~/About_Me
      </div>
    </div>
    <div
      className="css-hw2mt4"
    >
      <div
        className="css-3yu43t"
      >
        <div
          className="css-ntk5lm"
        >
          <span
            className="css-zbjqpz"
          >
            &gt;&gt; 
          </span>
           current_location
        </div>
        <div
          className="css-1yzmtjz"
        >
          "Los Angeles, CA"
        </div>
      </div>
      <div
        className="css-3yu43t"
      >
        <div
          className="css-ntk5lm"
        >
          <span
            className="css-zbjqpz"
          >
            &gt;&gt; 
          </span>
           contact_information
        </div>
        <div
          className="css-1yzmtjz"
        >
          <a
            className="css-1t2r17y"
            href="mailto:nrs710@gmail.com"
            rel="noopener noreferrer"
            target="_blank"
          >
            "nrs710@gmail.com"
          </a>
        </div>
      </div>
      <div
        className="css-3yu43t"
      >
        <div
          className="css-ntk5lm"
        >
          <span
            className="css-zbjqpz"
          >
            &gt;&gt; 
          </span>
           roles
        </div>
        <div
          className="css-1yzmtjz"
        >
          ["Front-End Web Developer", "Freelancer", "Certified Scrum Master"]
        </div>
      </div>
      <div
        className="css-3yu43t"
      >
        <div
          className="css-ntk5lm"
        >
          <span
            className="css-zbjqpz"
          >
            &gt;&gt; 
          </span>
           types_of_work
        </div>
        <div
          className="css-1yzmtjz"
        >
          ["Complex web-apps", "Data visualizations in the browser", "Small business websites", "Shopify customizations", "Mobile apps"]
        </div>
      </div>
      <div
        className="css-3yu43t"
      >
        <div
          className="css-ntk5lm"
        >
          <span
            className="css-zbjqpz"
          >
            &gt;&gt; 
          </span>
           most_recent_tech_stack
        </div>
        <div
          className="css-1yzmtjz"
        >
          ["TypeScript", "React", "Highcharts", "PostCSS", "Jest/Enzyme"]
        </div>
      </div>
      <div
        className="css-3yu43t"
      >
        <div
          className="css-ntk5lm"
        >
          <span
            className="css-zbjqpz"
          >
            &gt;&gt; 
          </span>
           interests || hobbies
        </div>
        <div
          className="css-1yzmtjz"
        >
          ["Turntablism", "Record Collecting", "Music Production", Olde English Bulldog owner", "Photography", "Boston Sports - Bruins, Red Sox, Patriots, Celtics", "Eating new places", "Coffee", "Tacos"]
        </div>
      </div>
      <div
        className="css-3yu43t"
      >
        <div
          className="css-ntk5lm"
        >
          <span
            className="css-zbjqpz"
          >
            &gt;&gt; 
          </span>
          <div
            className="css-1odt7h0"
          />
        </div>
      </div>
    </div>
  </div>
</div>
`;
